// Jest Snapshot v1, https://goo.gl/fbAQLP

exports[`SegmentedControl matches snapshot with accessibility metadata 1`] = `
<div
  class="css-view-g5y9jx"
  style="border-top-left-radius: 28px; border-top-right-radius: 28px; border-bottom-right-radius: 28px; border-bottom-left-radius: 28px; border-top-color: rgba(39,48,35,0.08); border-right-color: rgba(39,48,35,0.08); border-bottom-color: rgba(39,48,35,0.08); border-left-color: rgba(39,48,35,0.08); background-color: rgb(242, 239, 230);"
>
  <button
    aria-label="Explain"
    class="css-view-g5y9jx r-cursor-1loqt21 r-touchAction-1otgn73"
    role="button"
    style="border-top-left-radius: 28px; border-top-right-radius: 28px; border-bottom-right-radius: 28px; border-bottom-left-radius: 28px; border-top-color: rgba(95,125,90,1.00); border-right-color: rgba(95,125,90,1.00); border-bottom-color: rgba(95,125,90,1.00); border-left-color: rgba(95,125,90,1.00); background-color: rgba(95, 125, 90, 0.1);"
    tabindex="0"
    type="button"
  >
    <div
      class="css-text-146c3p1"
      dir="auto"
      style="color: rgb(95, 125, 90);"
    >
      Explain
    </div>
  </button>
  <button
    aria-label="Plan"
    class="css-view-g5y9jx r-cursor-1loqt21 r-touchAction-1otgn73"
    role="button"
    style="border-top-left-radius: 28px; border-top-right-radius: 28px; border-bottom-right-radius: 28px; border-bottom-left-radius: 28px; border-top-color: rgba(0,0,0,0.00); border-right-color: rgba(0,0,0,0.00); border-bottom-color: rgba(0,0,0,0.00); border-left-color: rgba(0,0,0,0.00); background-color: rgba(0, 0, 0, 0);"
    tabindex="0"
    type="button"
  >
    <div
      class="css-text-146c3p1"
      dir="auto"
      style="color: rgb(94, 108, 88);"
    >
      Plan
    </div>
  </button>
</div>
`;
